blocks:
  - name: main_source
    id: good::fixed_source
    parameters:
      event_count: 100
      unknown_property: 42
  - name: multiplier
    id: good::multiply
  - name: counter
    id: builtin_counter
  - name: sink
    id: good::cout_sink
    parameters:
      total_count: 100
      unknown_property: 42
connections:
  - [main_source, 0, multiplier, 0]
  - [multiplier, 0, counter, 0]
  - [counter, 0, sink, 0]
